2026-01-24 19:22:38,659 - db_helper - INFO - fetch_all_expenses_for_date:2020-01-01
2026-01-24 19:23:43,523 - db_helper - INFO - fetch_all_expenses_for_date:2020-01-01
2026-01-24 19:23:43,612 - db_helper - INFO - fetch_expense_summary:2024-08-01,2024-08-05
2026-01-24 19:25:30,222 - db_helper - INFO - fetch_all_expenses_for_date:2020-01-01
2026-01-24 19:25:30,308 - db_helper - INFO - fetch_expense_summary:2024-08-01,2024-08-05
2026-01-24 19:27:02,523 - db_helper - INFO - fetch_expense_summary:2024-08-01,2024-08-05
2026-01-24 19:27:32,949 - db_helper - INFO - fetch_expense_summary:2024-08-01,2024-08-05
2026-01-24 19:36:47,059 - db_helper - INFO - fetch_expense_summary:2024-08-01,2024-08-05
2026-01-24 19:37:52,901 - db_helper - INFO - fetch_expense_summary:2024-08-01,2024-08-05
2026-01-24 19:38:14,469 - db_helper - INFO - fetch_expense_summary:2024-08-01,2024-08-05
2026-01-24 23:01:24,246 - db_helper - INFO - fetch_expense_summary:2024-08-01,2024-08-05
2026-01-24 23:10:50,387 - db_helper - INFO - fetch_expense_summary:2024-08-01,2024-08-05
2026-01-24 23:10:57,419 - db_helper - INFO - fetch_expense_summary:2024-08-01,2024-08-05
2026-01-24 23:11:27,822 - db_helper - INFO - delete_all_expenses_for_date:2024-08-28
2026-01-24 23:11:27,910 - db_helper - INFO - insert_expense:2024-08-28,27.0,shopping,mercedes benz
2026-01-24 23:26:16,093 - db_helper - INFO - fetch_expense_summary:2024-08-01,2024-08-05
2026-01-24 23:32:30,046 - db_helper - INFO - fetch_expense_summary:2024-08-01,2024-08-05
2026-01-24 23:48:56,229 - db_helper - INFO - fetch_expense_summary:2024-08-01,2024-08-05
2026-01-25 14:05:00,123 - db_helper - INFO - delete_all_expenses_for_date:2024-08-28
2026-01-25 14:05:00,237 - db_helper - INFO - insert_expense:2024-08-28,27.0,shopping,mercedes benz
2026-01-25 14:18:57,364 - db_helper - INFO - fetch_all_expenses_for_date:2024-08-01
2026-01-25 14:25:41,154 - db_helper - INFO - fetch_all_expenses_for_date:2024-08-01
2026-01-25 14:26:23,501 - db_helper - INFO - fetch_all_expenses_for_date:2024-08-01
2026-01-25 14:29:01,767 - db_helper - INFO - fetch_all_expenses_for_date:2024-08-01
2026-01-25 14:38:47,905 - db_helper - INFO - fetch_all_expenses_for_date:2024-08-01
2026-01-25 14:40:03,982 - db_helper - INFO - fetch_all_expenses_for_date:2024-08-01
2026-01-25 14:40:10,963 - db_helper - INFO - fetch_all_expenses_for_date:2024-08-01
2026-01-25 14:43:48,116 - db_helper - INFO - fetch_all_expenses_for_date:2024-08-01
2026-01-25 14:47:39,620 - db_helper - INFO - fetch_all_expenses_for_date:2024-08-01
2026-01-25 14:51:09,316 - db_helper - INFO - fetch_all_expenses_for_date:2024-08-01
2026-01-25 14:52:26,516 - db_helper - INFO - fetch_all_expenses_for_date:2024-08-08
2026-01-25 14:53:46,537 - db_helper - INFO - fetch_all_expenses_for_date:2024-08-28
2026-01-25 14:54:02,441 - db_helper - INFO - fetch_all_expenses_for_date:2024-08-01
2026-01-25 14:54:07,245 - db_helper - INFO - fetch_all_expenses_for_date:2024-08-28
2026-01-25 14:54:47,729 - db_helper - INFO - fetch_all_expenses_for_date:2024-08-02
2026-01-25 14:58:41,668 - db_helper - INFO - fetch_all_expenses_for_date:2024-08-01
2026-01-25 14:59:58,678 - db_helper - INFO - fetch_all_expenses_for_date:2024-08-01
2026-01-25 15:00:39,327 - db_helper - INFO - fetch_all_expenses_for_date:2024-08-01
2026-01-25 15:03:31,023 - db_helper - INFO - fetch_all_expenses_for_date:2024-08-01
2026-01-25 15:11:25,363 - db_helper - INFO - fetch_all_expenses_for_date:2024-08-01
2026-01-25 15:11:32,827 - db_helper - INFO - fetch_all_expenses_for_date:2024-08-02
2026-01-25 15:12:41,412 - db_helper - INFO - fetch_all_expenses_for_date:2024-08-01
2026-01-25 15:12:50,224 - db_helper - INFO - fetch_all_expenses_for_date:2024-08-01
2026-01-25 15:12:59,214 - db_helper - INFO - fetch_all_expenses_for_date:2024-08-02
2026-01-25 15:13:41,509 - db_helper - INFO - fetch_all_expenses_for_date:2024-08-01
2026-01-25 15:14:07,842 - db_helper - INFO - fetch_all_expenses_for_date:2024-08-01
2026-01-25 15:14:13,539 - db_helper - INFO - fetch_all_expenses_for_date:2024-08-02
2026-01-25 15:14:41,463 - db_helper - INFO - fetch_all_expenses_for_date:2024-08-01
2026-01-25 15:14:46,920 - db_helper - INFO - fetch_all_expenses_for_date:2024-08-02
2026-01-25 15:15:21,611 - db_helper - INFO - fetch_all_expenses_for_date:2024-08-01
2026-01-25 15:15:26,727 - db_helper - INFO - fetch_all_expenses_for_date:2024-08-02
2026-01-25 15:15:33,802 - db_helper - INFO - fetch_all_expenses_for_date:2024-08-03
2026-01-25 15:15:39,320 - db_helper - INFO - fetch_all_expenses_for_date:2024-08-21
2026-01-25 15:15:44,112 - db_helper - INFO - fetch_all_expenses_for_date:2024-08-09
2026-01-25 15:15:48,289 - db_helper - INFO - fetch_all_expenses_for_date:2024-08-01
2026-01-25 15:16:02,326 - db_helper - INFO - fetch_all_expenses_for_date:2024-08-01
2026-01-25 15:17:09,395 - db_helper - INFO - fetch_all_expenses_for_date:2024-08-02
2026-01-25 15:19:25,091 - db_helper - INFO - fetch_all_expenses_for_date:2024-08-02
2026-01-25 15:19:30,231 - db_helper - INFO - fetch_all_expenses_for_date:2024-08-01
2026-01-25 15:19:33,382 - db_helper - INFO - fetch_all_expenses_for_date:2024-08-02
2026-01-25 15:25:01,638 - db_helper - INFO - fetch_all_expenses_for_date:2024-08-02
2026-01-25 15:28:31,151 - db_helper - INFO - fetch_all_expenses_for_date:2024-08-02
2026-01-25 15:28:37,704 - db_helper - INFO - fetch_all_expenses_for_date:2024-08-01
2026-01-25 15:28:42,264 - db_helper - INFO - fetch_all_expenses_for_date:2024-08-02
2026-01-25 15:29:47,315 - db_helper - INFO - fetch_all_expenses_for_date:2024-08-01
2026-01-25 15:29:56,181 - db_helper - INFO - fetch_all_expenses_for_date:2024-08-01
2026-01-25 15:29:58,291 - db_helper - INFO - delete_all_expenses_for_date:2024-08-01
2026-01-25 15:30:00,126 - db_helper - INFO - fetch_all_expenses_for_date:2024-08-02
2026-01-25 15:31:54,728 - db_helper - INFO - fetch_all_expenses_for_date:2024-08-01
2026-01-25 15:32:01,911 - db_helper - INFO - fetch_all_expenses_for_date:2024-08-02
2026-01-25 15:33:03,383 - db_helper - INFO - fetch_all_expenses_for_date:2024-08-01
2026-01-25 15:33:14,319 - db_helper - INFO - fetch_all_expenses_for_date:2024-08-02
2026-01-25 15:34:29,745 - db_helper - INFO - fetch_all_expenses_for_date:2024-08-02
2026-01-25 15:38:27,813 - db_helper - INFO - fetch_all_expenses_for_date:2024-08-01
2026-01-25 15:38:35,245 - db_helper - INFO - fetch_all_expenses_for_date:2024-08-02
2026-01-25 15:41:36,526 - db_helper - INFO - fetch_all_expenses_for_date:2024-08-02
2026-01-25 15:41:44,900 - db_helper - INFO - fetch_all_expenses_for_date:2024-08-02
2026-01-25 15:41:44,933 - db_helper - INFO - delete_all_expenses_for_date:2024-08-02
2026-01-25 15:41:44,961 - db_helper - INFO - insert_expense:2024-08-02,50.0,Entertainment,Movie tickets
2026-01-25 15:41:44,979 - db_helper - INFO - insert_expense:2024-08-02,150.0,Shopping,New shoes
2026-01-25 15:41:44,991 - db_helper - INFO - insert_expense:2024-08-02,400.0,Food,Groceries for the week
2026-01-25 15:41:45,006 - db_helper - INFO - insert_expense:2024-08-02,80.0,Entertainment,Concert tickets
2026-01-25 15:41:45,006 - db_helper - INFO - insert_expense:2024-08-02,100.0,Shopping,Clothes
2026-01-25 15:41:45,023 - db_helper - INFO - insert_expense:2024-08-02,50.0,Other,Gasoline
2026-01-25 15:46:37,100 - db_helper - INFO - fetch_all_expenses_for_date:2024-08-01
2026-01-25 15:46:44,466 - db_helper - INFO - fetch_all_expenses_for_date:2024-08-02
2026-01-25 15:48:13,455 - db_helper - INFO - fetch_all_expenses_for_date:2024-08-02
2026-01-25 15:48:20,202 - db_helper - INFO - fetch_all_expenses_for_date:2024-08-01
2026-01-25 15:48:24,154 - db_helper - INFO - fetch_all_expenses_for_date:2024-08-02
2026-01-25 15:49:41,570 - db_helper - INFO - fetch_all_expenses_for_date:2024-08-02
2026-01-25 15:49:49,848 - db_helper - INFO - fetch_all_expenses_for_date:2024-08-01
2026-01-25 15:49:56,371 - db_helper - INFO - fetch_all_expenses_for_date:2024-08-02
2026-01-25 15:50:10,625 - db_helper - INFO - fetch_all_expenses_for_date:2024-08-01
2026-01-25 15:50:19,518 - db_helper - INFO - fetch_all_expenses_for_date:2024-08-28
2026-01-25 15:52:12,821 - db_helper - INFO - fetch_all_expenses_for_date:2024-08-02
2026-01-25 15:54:33,810 - db_helper - INFO - fetch_all_expenses_for_date:2024-08-01
2026-01-25 15:54:44,419 - db_helper - INFO - fetch_all_expenses_for_date:2024-08-02
2026-01-25 15:54:51,036 - db_helper - INFO - fetch_all_expenses_for_date:2024-08-28
2026-01-25 15:57:05,251 - db_helper - INFO - fetch_all_expenses_for_date:2024-08-28
2026-01-25 15:57:12,852 - db_helper - INFO - fetch_all_expenses_for_date:2024-08-01
2026-01-25 15:57:17,886 - db_helper - INFO - fetch_all_expenses_for_date:2024-08-02
2026-01-25 16:06:43,352 - db_helper - INFO - fetch_all_expenses_for_date:2024-08-02
2026-01-25 16:06:49,936 - db_helper - INFO - fetch_all_expenses_for_date:2024-08-01
2026-01-25 16:07:10,016 - db_helper - INFO - fetch_all_expenses_for_date:2024-08-01
2026-01-25 16:08:00,910 - db_helper - INFO - fetch_all_expenses_for_date:2024-08-07
2026-01-25 16:09:57,671 - db_helper - INFO - fetch_all_expenses_for_date:2024-08-07
2026-01-25 16:14:09,845 - db_helper - INFO - fetch_all_expenses_for_date:2024-08-07
2026-01-25 16:14:23,141 - db_helper - INFO - fetch_all_expenses_for_date:2024-08-07
2026-01-25 16:14:39,774 - db_helper - INFO - fetch_all_expenses_for_date:2024-08-07
2026-01-25 16:14:51,371 - db_helper - INFO - fetch_all_expenses_for_date:2024-08-01
2026-01-25 16:15:49,134 - db_helper - INFO - fetch_all_expenses_for_date:2024-08-01
2026-01-25 16:16:42,410 - db_helper - INFO - fetch_all_expenses_for_date:2024-08-01
2026-01-25 16:16:48,591 - db_helper - INFO - fetch_all_expenses_for_date:2024-08-01
2026-01-25 16:16:50,696 - db_helper - INFO - delete_all_expenses_for_date:2024-08-01
2026-01-25 16:16:50,711 - db_helper - INFO - insert_expense:2024-08-01,20.0,Food,chocolate
2026-01-25 16:16:50,729 - db_helper - INFO - insert_expense:2024-08-01,20.0,Food,samosa
2026-01-25 16:16:50,759 - db_helper - INFO - insert_expense:2024-08-01,400.0,Shopping,hair drier
2026-01-25 16:16:50,778 - db_helper - INFO - insert_expense:2024-08-01,5.0,Other,pencil
2026-01-25 19:37:09,091 - db_helper - INFO - fetch_expense_summary:2024-08-01,2024-08-05
2026-01-25 19:46:58,210 - db_helper - INFO - fetch_expense_summary:2024-08-01,2024-08-05
2026-01-25 20:28:31,086 - db_helper - INFO - fetch_expense_summary:2024-08-01,2024-08-05
2026-01-25 20:29:32,163 - db_helper - INFO - fetch_all_expenses_for_date:2024-08-01
2026-01-25 20:30:33,218 - db_helper - INFO - fetch_all_expenses_for_date:2024-08-01
2026-01-25 20:30:46,402 - db_helper - INFO - fetch_all_expenses_for_date:2024-08-01
2026-01-25 20:30:48,553 - db_helper - INFO - delete_all_expenses_for_date:2024-08-01
2026-01-25 20:30:48,593 - db_helper - INFO - insert_expense:2024-08-01,20.0,Food,chocolate
2026-01-25 20:30:48,609 - db_helper - INFO - insert_expense:2024-08-01,20.0,Food,samosa
2026-01-25 20:30:48,649 - db_helper - INFO - insert_expense:2024-08-01,400.0,Shopping,hair drier
2026-01-25 20:30:48,671 - db_helper - INFO - insert_expense:2024-08-01,5.0,Other,pencil
2026-01-25 20:46:19,057 - db_helper - INFO - fetch_all_expenses_for_date:2024-08-01
2026-01-25 20:46:25,564 - db_helper - INFO - fetch_all_expenses_for_date:2024-08-01
2026-01-25 20:47:40,268 - db_helper - INFO - fetch_all_expenses_for_date:2024-08-01
2026-01-25 20:47:44,390 - db_helper - INFO - fetch_all_expenses_for_date:2024-08-01
2026-01-25 20:50:19,720 - db_helper - INFO - fetch_all_expenses_for_date:2024-08-01
2026-01-25 20:50:23,049 - db_helper - INFO - fetch_all_expenses_for_date:2024-08-01
2026-01-25 20:50:25,144 - db_helper - INFO - fetch_expense_summary:2024-08-01,2024-08-05
2026-01-25 20:51:32,407 - db_helper - INFO - fetch_all_expenses_for_date:2024-08-01
2026-01-25 20:51:36,656 - db_helper - INFO - fetch_all_expenses_for_date:2024-08-01
2026-01-25 20:51:38,752 - db_helper - INFO - fetch_expense_summary:2024-08-01,2024-08-05
2026-01-25 20:53:29,873 - db_helper - INFO - fetch_all_expenses_for_date:2024-08-01
2026-01-25 20:53:33,390 - db_helper - INFO - fetch_all_expenses_for_date:2024-08-01
2026-01-25 20:53:35,489 - db_helper - INFO - fetch_expense_summary:2024-08-01,2024-08-05
2026-01-28 23:50:45,833 - db_helper - INFO - fetch_expense_summary:2024-08-01,2024-08-05
2026-01-28 23:55:27,997 - db_helper - INFO - fetch_expense_summary:2024-08-01,2024-08-05
2026-01-29 00:15:58,717 - db_helper - INFO - fetch_all_expenses_for_date:2024-08-01
2026-01-29 00:16:05,610 - db_helper - INFO - fetch_all_expenses_for_date:2024-08-01
2026-01-29 00:16:07,761 - db_helper - INFO - fetch_expense_summary:2024-08-01,2024-08-05
2026-01-29 00:17:34,150 - db_helper - INFO - fetch_all_expenses_for_date:2024-08-01
2026-01-29 00:17:36,288 - db_helper - INFO - fetch_expense_summary_by_months
2026-01-29 00:22:52,457 - db_helper - INFO - fetch_all_expenses_for_date:2024-08-01
2026-01-29 00:22:54,579 - db_helper - INFO - fetch_expense_summary_by_months
2026-01-29 00:25:09,444 - db_helper - INFO - fetch_all_expenses_for_date:2024-08-01
2026-01-29 00:25:11,556 - db_helper - INFO - fetch_expense_summary_by_months
2026-01-29 00:26:32,003 - db_helper - INFO - fetch_all_expenses_for_date:2024-08-01
2026-01-29 00:26:34,090 - db_helper - INFO - fetch_expense_summary_by_months
2026-01-29 00:27:18,908 - db_helper - INFO - fetch_all_expenses_for_date:2024-08-01
2026-01-29 00:27:21,012 - db_helper - INFO - fetch_expense_summary_by_months
2026-01-29 00:27:35,339 - db_helper - INFO - fetch_all_expenses_for_date:2024-08-01
2026-01-29 00:27:37,474 - db_helper - INFO - fetch_expense_summary:2024-08-01,2024-08-05
2026-01-29 00:27:39,600 - db_helper - INFO - fetch_expense_summary_by_months
2026-01-29 00:31:53,493 - db_helper - INFO - fetch_all_expenses_for_date:2024-08-01
2026-01-29 00:31:55,589 - db_helper - INFO - fetch_expense_summary_by_months
2026-01-29 00:33:28,760 - db_helper - INFO - fetch_all_expenses_for_date:2024-08-01
2026-01-29 00:33:30,834 - db_helper - INFO - fetch_expense_summary_by_months
2026-01-29 00:34:27,513 - db_helper - INFO - fetch_all_expenses_for_date:2024-08-01
2026-01-29 00:34:29,642 - db_helper - INFO - fetch_expense_summary_by_months
2026-01-29 00:37:39,727 - db_helper - INFO - fetch_all_expenses_for_date:2024-08-01
2026-01-29 00:37:41,854 - db_helper - INFO - fetch_expense_summary:2024-08-01,2024-08-05
2026-01-29 00:37:43,970 - db_helper - INFO - fetch_expense_summary_by_months
2026-01-29 00:43:13,573 - db_helper - INFO - fetch_all_expenses_for_date:2024-08-01
2026-01-29 00:43:15,703 - db_helper - INFO - fetch_expense_summary_by_months
2026-01-29 00:48:28,177 - db_helper - INFO - fetch_all_expenses_for_date:2024-08-01
2026-01-29 00:48:30,253 - db_helper - INFO - fetch_expense_summary_by_months
2026-01-29 00:54:15,603 - db_helper - INFO - fetch_all_expenses_for_date:2024-08-01
2026-01-29 00:54:17,734 - db_helper - INFO - fetch_expense_summary:2024-08-01,2024-08-05
2026-01-29 00:54:19,844 - db_helper - INFO - fetch_expense_summary_by_months
2026-01-29 00:56:34,184 - db_helper - INFO - fetch_all_expenses_for_date:2024-08-01
2026-01-29 00:56:36,311 - db_helper - INFO - fetch_expense_summary_by_months
2026-01-29 01:12:57,203 - db_helper - INFO - fetch_all_expenses_for_date:2024-08-01
2026-01-29 01:12:59,311 - db_helper - INFO - fetch_expense_summary_by_months
2026-01-29 01:13:14,865 - db_helper - INFO - fetch_all_expenses_for_date:2024-08-01
2026-01-29 01:13:16,998 - db_helper - INFO - fetch_expense_summary_by_months
2026-01-29 01:24:08,318 - db_helper - INFO - fetch_all_expenses_for_date:2024-08-01
2026-01-29 01:24:09,611 - db_helper - INFO - fetch_all_expenses_for_date:2024-08-01
2026-01-29 01:24:11,731 - db_helper - INFO - delete_all_expenses_for_date:2024-08-01
2026-01-29 01:24:11,770 - db_helper - INFO - insert_expense:2024-08-01,20.0,Food,chocolate
2026-01-29 01:24:11,798 - db_helper - INFO - insert_expense:2024-08-01,20.0,Food,samosa
2026-01-29 01:24:11,813 - db_helper - INFO - insert_expense:2024-08-01,400.0,Shopping,hair drier
2026-01-29 01:24:11,827 - db_helper - INFO - insert_expense:2024-08-01,5.0,Other,pencil
2026-01-29 01:24:13,904 - db_helper - INFO - fetch_expense_summary_by_months
2026-01-29 01:24:47,427 - db_helper - INFO - fetch_all_expenses_for_date:2024-08-01
2026-01-29 01:24:49,540 - db_helper - INFO - fetch_expense_summary_by_months
2026-01-29 01:30:29,893 - db_helper - INFO - fetch_all_expenses_for_date:2024-08-01
2026-01-29 01:30:32,032 - db_helper - INFO - delete_all_expenses_for_date:2024-08-01
2026-01-29 01:30:32,056 - db_helper - INFO - insert_expense:2024-08-01,20.0,Food,chocolate
2026-01-29 01:30:32,081 - db_helper - INFO - insert_expense:2024-08-01,20.0,Food,samosa
2026-01-29 01:30:32,104 - db_helper - INFO - insert_expense:2024-08-01,400.0,Shopping,hair drier
2026-01-29 01:30:32,124 - db_helper - INFO - insert_expense:2024-08-01,5.0,Other,pencil
2026-01-29 01:30:32,139 - db_helper - INFO - insert_expense:2024-08-01,11100.0,Shopping,iphone
2026-01-29 01:30:34,229 - db_helper - INFO - fetch_expense_summary_by_months
2026-01-29 01:30:41,170 - db_helper - INFO - fetch_all_expenses_for_date:2024-08-01
2026-01-29 01:30:43,294 - db_helper - INFO - fetch_expense_summary:2024-08-01,2024-08-05
2026-01-29 01:30:45,413 - db_helper - INFO - fetch_expense_summary_by_months
2026-01-29 01:32:54,608 - db_helper - INFO - fetch_all_expenses_for_date:2024-08-01
2026-01-29 01:32:56,747 - db_helper - INFO - fetch_expense_summary_by_months
2026-01-29 01:33:04,493 - db_helper - INFO - fetch_all_expenses_for_date:2024-08-01
2026-01-29 01:33:06,613 - db_helper - INFO - delete_all_expenses_for_date:2024-08-01
2026-01-29 01:33:06,639 - db_helper - INFO - insert_expense:2024-08-01,20.0,Food,chocolate
2026-01-29 01:33:06,655 - db_helper - INFO - insert_expense:2024-08-01,20.0,Food,samosa
2026-01-29 01:33:06,669 - db_helper - INFO - insert_expense:2024-08-01,400.0,Shopping,hair drier
2026-01-29 01:33:06,687 - db_helper - INFO - insert_expense:2024-08-01,5.0,Other,pencil
2026-01-29 01:33:06,703 - db_helper - INFO - insert_expense:2024-08-01,11200.0,Shopping,iphone
2026-01-29 01:33:08,773 - db_helper - INFO - fetch_expense_summary_by_months
2026-01-29 01:33:12,980 - db_helper - INFO - fetch_all_expenses_for_date:2024-08-01
2026-01-29 01:33:15,134 - db_helper - INFO - fetch_expense_summary:2024-08-01,2024-08-05
2026-01-29 01:33:17,247 - db_helper - INFO - fetch_expense_summary_by_months
2026-01-29 01:40:36,930 - db_helper - INFO - fetch_all_expenses_for_date:2024-08-01
2026-01-29 01:40:39,083 - db_helper - INFO - fetch_expense_summary_by_months
2026-01-29 01:41:27,209 - db_helper - INFO - fetch_all_expenses_for_date:2024-08-01
2026-01-29 01:41:29,324 - db_helper - INFO - fetch_expense_summary_by_months
2026-01-29 01:42:24,507 - db_helper - INFO - fetch_all_expenses_for_date:2024-08-01
2026-01-29 01:42:26,643 - db_helper - INFO - fetch_expense_summary_by_months
2026-01-29 01:43:24,953 - db_helper - INFO - fetch_all_expenses_for_date:2024-08-01
2026-01-29 01:43:27,128 - db_helper - INFO - fetch_expense_summary_by_months
2026-01-29 01:44:22,767 - db_helper - INFO - fetch_all_expenses_for_date:2024-08-01
2026-01-29 01:44:25,041 - db_helper - INFO - delete_all_expenses_for_date:2024-08-01
2026-01-29 01:44:25,091 - db_helper - INFO - insert_expense:2024-08-01,5000.0,Rent,house rent
2026-01-29 01:44:25,134 - db_helper - INFO - insert_expense:2024-08-01,20.0,Food,samosa
2026-01-29 01:44:25,167 - db_helper - INFO - insert_expense:2024-08-01,400.0,Shopping,hair drier
2026-01-29 01:44:25,214 - db_helper - INFO - insert_expense:2024-08-01,5.0,Other,pencil
2026-01-29 01:44:25,255 - db_helper - INFO - insert_expense:2024-08-01,11200.0,Shopping,iphone
2026-01-29 01:44:27,371 - db_helper - INFO - fetch_expense_summary_by_months
2026-01-29 01:44:32,034 - db_helper - INFO - fetch_all_expenses_for_date:2024-08-01
2026-01-29 01:44:34,326 - db_helper - INFO - fetch_expense_summary:2024-08-01,2024-08-05
2026-01-29 01:44:36,608 - db_helper - INFO - fetch_expense_summary_by_months
2026-01-29 01:44:51,124 - db_helper - INFO - fetch_all_expenses_for_date:2024-08-01
2026-01-29 01:44:53,204 - db_helper - INFO - fetch_expense_summary_by_months
2026-01-29 01:45:21,163 - db_helper - INFO - fetch_all_expenses_for_date:2024-08-01
2026-01-29 01:45:23,298 - db_helper - INFO - fetch_expense_summary_by_months
2026-01-29 01:45:32,477 - db_helper - INFO - fetch_all_expenses_for_date:2024-08-01
2026-01-29 01:45:34,757 - db_helper - INFO - delete_all_expenses_for_date:2024-08-01
2026-01-29 01:45:34,807 - db_helper - INFO - insert_expense:2024-08-01,6000.0,Rent,house rent
2026-01-29 01:45:34,873 - db_helper - INFO - insert_expense:2024-08-01,20.0,Food,samosa
2026-01-29 01:45:34,930 - db_helper - INFO - insert_expense:2024-08-01,400.0,Shopping,hair drier
2026-01-29 01:45:34,994 - db_helper - INFO - insert_expense:2024-08-01,5.0,Other,pencil
2026-01-29 01:45:35,057 - db_helper - INFO - insert_expense:2024-08-01,11200.0,Shopping,iphone
2026-01-29 01:45:37,244 - db_helper - INFO - fetch_expense_summary_by_months
2026-01-29 01:45:44,240 - db_helper - INFO - fetch_all_expenses_for_date:2024-08-01
2026-01-29 01:45:46,566 - db_helper - INFO - fetch_expense_summary:2024-08-01,2024-08-05
2026-01-29 01:45:48,806 - db_helper - INFO - fetch_expense_summary_by_months
2026-01-29 01:47:16,147 - db_helper - INFO - fetch_all_expenses_for_date:2024-08-01
2026-01-29 01:47:18,264 - db_helper - INFO - fetch_expense_summary_by_months
2026-01-29 01:47:47,089 - db_helper - INFO - fetch_all_expenses_for_date:2024-08-01
2026-01-29 01:47:49,517 - db_helper - INFO - delete_all_expenses_for_date:2024-08-01
2026-01-29 01:47:49,579 - db_helper - INFO - insert_expense:2024-08-01,7000.0,Rent,house rent
2026-01-29 01:47:49,634 - db_helper - INFO - insert_expense:2024-08-01,20.0,Food,samosa
2026-01-29 01:47:49,692 - db_helper - INFO - insert_expense:2024-08-01,400.0,Shopping,hair drier
2026-01-29 01:47:49,809 - db_helper - INFO - insert_expense:2024-08-01,5.0,Other,pencil
2026-01-29 01:47:49,895 - db_helper - INFO - insert_expense:2024-08-01,11200.0,Shopping,iphone
2026-01-29 01:47:52,408 - db_helper - INFO - fetch_expense_summary_by_months
2026-01-29 01:48:00,614 - db_helper - INFO - fetch_all_expenses_for_date:2024-08-01
2026-01-29 01:48:03,014 - db_helper - INFO - fetch_all_expenses_for_date:2024-08-01
2026-01-29 01:48:05,714 - db_helper - INFO - fetch_expense_summary:2024-08-01,2024-08-05
2026-01-29 01:48:08,314 - db_helper - INFO - fetch_expense_summary_by_months
2026-01-29 01:50:00,429 - db_helper - INFO - fetch_all_expenses_for_date:2024-08-01
2026-01-29 01:50:02,582 - db_helper - INFO - fetch_expense_summary_by_months
2026-01-29 01:51:31,022 - db_helper - INFO - fetch_all_expenses_for_date:2024-08-01
2026-01-29 01:51:33,115 - db_helper - INFO - delete_all_expenses_for_date:2024-08-01
2026-01-29 01:51:33,134 - db_helper - INFO - insert_expense:2024-08-01,8000.0,Rent,house rent
2026-01-29 01:51:33,150 - db_helper - INFO - insert_expense:2024-08-01,20.0,Food,samosa
2026-01-29 01:51:33,161 - db_helper - INFO - insert_expense:2024-08-01,400.0,Shopping,hair drier
2026-01-29 01:51:33,179 - db_helper - INFO - insert_expense:2024-08-01,5.0,Other,pencil
2026-01-29 01:51:33,188 - db_helper - INFO - insert_expense:2024-08-01,111200.0,Shopping,iphone
2026-01-29 01:51:35,238 - db_helper - INFO - fetch_expense_summary_by_months
2026-01-29 01:51:42,919 - db_helper - INFO - fetch_all_expenses_for_date:2024-08-01
2026-01-29 01:51:45,004 - db_helper - INFO - fetch_expense_summary_by_months
2026-01-29 01:51:45,480 - db_helper - INFO - fetch_all_expenses_for_date:2024-08-01
2026-01-29 01:51:46,487 - db_helper - INFO - fetch_all_expenses_for_date:2024-08-01
2026-01-29 01:51:48,554 - db_helper - INFO - fetch_expense_summary:2024-08-01,2024-08-05
2026-01-29 01:51:50,652 - db_helper - INFO - fetch_expense_summary_by_months
